file.rb:1: `T.reveal_type` can only reveal types in `# typed: true` files (or higher) https://srb.help/5039
     1 |T.reveal_type(1)
        ^^^^^^^^^^^^^^^^
Errors: 1
